// Jest Snapshot v1, https://goo.gl/fbAQLP

exports[`Author renders correctly 1`] = `
<div
  className="author"
>
  <a
    href="/"
    onClick={[Function]}
  >
    <img
      alt="test"
      className="author__photo"
      height="75"
      src="/photo.png"
      width="75"
    />
  </a>
  <h2
    className="author__title"
    onClick={[Function]}
  >
    <a
      className="author__title-link"
      href="/"
    >
      test
    </a>
  </h2>
  <p
    className="author__subtitle"
    dangerouslySetInnerHTML={
      Object {
        "__html": "test",
      }
    }
    onClick={[Function]}
  />
</div>
`;
